python : 03:29:27 | INFO    | Layer 2 ù 
Segmenting 25 text blocks into case blocks
At line:1 char:1
+ python test_regex.py > test_output.txt 2>&1
+ ~~~~~~~~~~~~~~~~~~~~~~~~~~~~~~~~~~~~~~~~~~~
    + CategoryInfo          : NotSpecified: (03: 
   29:27 | INFO...nto case blocks:String) [], R  
  emoteException
    + FullyQualifiedErrorId : NativeCommandError
 
03:29:27 | INFO    | Layer 2 ù Segmented into 10 
case blocks
03:29:27 | INFO    | Layer 3 (REGEX) ù 
Extracting from 10 case blocks
03:29:27 | INFO    | Layer 3 (REGEX) ù Total 
cases extracted: 5
Blocks found: 10

--- RAW BLOCK 0 ---
G.PAVENDHAN
------------------
No.)
MAGENDIRAN
VS
IOP, TIRUPPUR

--- RAW BLOCK 1 ---
7
Dispensed with (d.w)
CRL MP/3968/2026
KALAIVANAN
VS
THE STATE REP. BY THE INSPECTOR
OF POLICE, AND ANOTHER.
C.MURUGANANDAM
------------------
M/S.C.MURUGANANDAM
N.SHANMUGASUNDARAM
------------------
PUBLIC PROSECUTOR FOR R1
AND
CRL OP 4444/2026 (Filing
No.)
KALAIVANAN
VS
IOP, NEYVELI

--- RAW BLOCK 2 ---
8
Dispensed with (d.w)
CRL MP/3988/2026
SANGEETHA
VS
THE STATE REP. BY ITS STATION
HOUSE OFFICER AND ANOTHER.
M/S. T.V.SAI SRUJAN
------------------
M/S. T.V.SAI SRUJAN
POOJA .P
G.THAMIZHARASI
NIKITA RAIGUR
RACHANA
ASHNAL.S
MEHARUNISHA. A.S.M
SABARI
SIVASANKARI
------------------
PUBLIC PROSECUTOR (PUDUCHERRY ) FOR
R1
AND
CRL OP 12198/2026 (Filing
No.)
SANGEETHA
VS
STATE REP BY


Cases extracted: 5

  #  7 | CRL OP 4444/2026          | P: CRL MP/3968/2026 KALAIVANAN    | R: THE STATE REP. BY THE INSPECTOR OF POLICE, AND ANO
        ADV: M/S.C.MURUGANANDAM; N.SHANMUGASUNDARAM; PUBLIC PROSECUTOR FOR R1

  #  8 | CRL OP 12198/2026         | P: CRL MP/3988/2026 SANGEETHA     | R: THE STATE REP. BY ITS STATION HOUSE OFFICER AND AN
        ADV: M/S. T.V.SAI SRUJAN; M/S. T.V.SAI SRUJAN; POOJA .P; G.THAMIZHARASI; NIKITA RAIGU

  #  9 | CRL OP 10244/2026         | P: CRL MP/3996/2026 THE INDIAN BANK | R: STATE REP.BY, THE INSPECTOR OF POLICE, AND 2 OTHER
        ADV: M/S.A.K.SACHINDHAR; ASWIN PRASANNA .A.S; AGILESH KUMAR .S; PUBLIC PROSECUTOR FOR

  # 10 | CRL OP 6720/2026          | P: CRL MP/4042/2026 GOVINDARAJAN AND 2 OTHERS. | R: THE DEPUTY SUPERINTENDENT OF POLICE, AND 2 OTHERS.
        ADV: M/S. R.NALLIYAPPAN; M/S.R.NALLIYAPPAN; T.MOHANRAJU; D.JEEVITHA; B.SANTHANAGOPALA

  # 11 | CRL OP 12726/2026         | P: CRL MP/4044/2026 A.DEVARAJAN AND ANOTHER. | R: STATE REP.BY, THE INSPECTOR OF POLICE, AND ANOTHER
        ADV: M/S. R.MUKESH KANNAH; M/S.R.MUKESH KANNAH; V.NAVEEN KUMAR; R.EZHUMALAI; M.PREETH

